[INFO] Scanning for projects...
[INFO] 
[INFO] ------------------------------------------------------------------------
[INFO] Building ecommerce 0.0.1-SNAPSHOT
[INFO] ------------------------------------------------------------------------
[INFO] 
[INFO] >>> spring-boot-maven-plugin:2.1.8.RELEASE:run (default-cli) > test-compile @ ecommerce >>>
[INFO] 
[INFO] --- maven-resources-plugin:3.1.0:resources (default-resources) @ ecommerce ---
[INFO] Using 'UTF-8' encoding to copy filtered resources.
[INFO] Copying 1 resource
[INFO] Copying 68 resources
[INFO] 
[INFO] --- maven-compiler-plugin:3.8.1:compile (default-compile) @ ecommerce ---
[INFO] Nothing to compile - all classes are up to date
[INFO] 
[INFO] --- maven-resources-plugin:3.1.0:testResources (default-testResources) @ ecommerce ---
[INFO] Using 'UTF-8' encoding to copy filtered resources.
[INFO] skip non existing resourceDirectory D:\ecommerce-master\src\test\resources
[INFO] 
[INFO] --- maven-compiler-plugin:3.8.1:testCompile (default-testCompile) @ ecommerce ---
[INFO] Nothing to compile - all classes are up to date
[INFO] 
[INFO] <<< spring-boot-maven-plugin:2.1.8.RELEASE:run (default-cli) < test-compile @ ecommerce <<<
[INFO] 
[INFO] 
[INFO] --- spring-boot-maven-plugin:2.1.8.RELEASE:run (default-cli) @ ecommerce ---
[INFO] Attaching agents: []

  .   ____          _            __ _ _
 /\\ / ___'_ __ _ _(_)_ __  __ _ \ \ \ \
( ( )\___ | '_ | '_| | '_ \/ _` | \ \ \ \
 \\/  ___)| |_)| | | | | || (_| |  ) ) ) )
  '  |____| .__|_| |_|_| |_\__, | / / / /
 =========|_|==============|___/=/_/_/_/
 :: Spring Boot ::        (v2.1.8.RELEASE)

2019-12-12 09:16:39.456  INFO 1784 --- [  restartedMain] c.s.ecommerce.EcommerceApplication       : Starting EcommerceApplication on XIPL9315 with PID 1784 (D:\ecommerce-master\target\classes started by surendrane in D:\ecommerce-master)
2019-12-12 09:16:39.462  INFO 1784 --- [  restartedMain] c.s.ecommerce.EcommerceApplication       : No active profile set, falling back to default profiles: default
2019-12-12 09:16:39.546  INFO 1784 --- [  restartedMain] .e.DevToolsPropertyDefaultsPostProcessor : Devtools property defaults active! Set 'spring.devtools.add-properties' to 'false' to disable
2019-12-12 09:16:39.566  INFO 1784 --- [  restartedMain] .e.DevToolsPropertyDefaultsPostProcessor : For additional web related logging consider setting the 'logging.level.web' property to 'DEBUG'
2019-12-12 09:16:41.144  INFO 1784 --- [  restartedMain] .s.d.r.c.RepositoryConfigurationDelegate : Bootstrapping Spring Data repositories in DEFAULT mode.
2019-12-12 09:16:41.310  INFO 1784 --- [  restartedMain] .s.d.r.c.RepositoryConfigurationDelegate : Finished Spring Data repository scanning in 151ms. Found 4 repository interfaces.
2019-12-12 09:16:42.110  INFO 1784 --- [  restartedMain] trationDelegate$BeanPostProcessorChecker : Bean 'org.springframework.transaction.annotation.ProxyTransactionManagementConfiguration' of type [org.springframework.transaction.annotation.ProxyTransactionManagementConfiguration$$EnhancerBySpringCGLIB$$d9f1fbba] is not eligible for getting processed by all BeanPostProcessors (for example: not eligible for auto-proxying)
2019-12-12 09:16:45.643  INFO 1784 --- [  restartedMain] o.s.b.w.embedded.tomcat.TomcatWebServer  : Tomcat initialized with port(s): 8181 (http)
2019-12-12 09:16:45.728  INFO 1784 --- [  restartedMain] o.apache.catalina.core.StandardService   : Starting service [Tomcat]
2019-12-12 09:16:45.728  INFO 1784 --- [  restartedMain] org.apache.catalina.core.StandardEngine  : Starting Servlet engine: [Apache Tomcat/9.0.24]
2019-12-12 09:16:46.391  INFO 1784 --- [  restartedMain] o.a.c.c.C.[Tomcat].[localhost].[/]       : Initializing Spring embedded WebApplicationContext
2019-12-12 09:16:46.391  INFO 1784 --- [  restartedMain] o.s.web.context.ContextLoader            : Root WebApplicationContext: initialization completed in 6824 ms
2019-12-12 09:16:46.897  INFO 1784 --- [  restartedMain] com.zaxxer.hikari.HikariDataSource       : HikariPool-1 - Starting...
2019-12-12 09:16:47.255  INFO 1784 --- [  restartedMain] com.zaxxer.hikari.HikariDataSource       : HikariPool-1 - Start completed.
2019-12-12 09:16:47.396  INFO 1784 --- [  restartedMain] o.hibernate.jpa.internal.util.LogHelper  : HHH000204: Processing PersistenceUnitInfo [
	name: default
	...]
2019-12-12 09:16:47.586  INFO 1784 --- [  restartedMain] org.hibernate.Version                    : HHH000412: Hibernate Core {5.3.11.Final}
2019-12-12 09:16:47.590  INFO 1784 --- [  restartedMain] org.hibernate.cfg.Environment            : HHH000206: hibernate.properties not found
2019-12-12 09:16:48.004  INFO 1784 --- [  restartedMain] o.hibernate.annotations.common.Version   : HCANN000001: Hibernate Commons Annotations {5.0.4.Final}
2019-12-12 09:16:48.408  INFO 1784 --- [  restartedMain] org.hibernate.dialect.Dialect            : HHH000400: Using dialect: org.hibernate.dialect.H2Dialect
2019-12-12 09:16:50.259  INFO 1784 --- [  restartedMain] o.h.t.schema.internal.SchemaCreatorImpl  : HHH000476: Executing import script 'org.hibernate.tool.schema.internal.exec.ScriptSourceInputNonExistentImpl@6bd9fd04'
2019-12-12 09:16:50.263  INFO 1784 --- [  restartedMain] j.LocalContainerEntityManagerFactoryBean : Initialized JPA EntityManagerFactory for persistence unit 'default'
2019-12-12 09:16:50.314  INFO 1784 --- [  restartedMain] o.s.b.d.a.OptionalLiveReloadServer       : LiveReload server is running on port 35729
2019-12-12 09:16:52.375  INFO 1784 --- [  restartedMain] o.s.s.web.DefaultSecurityFilterChain     : Creating filter chain: any request, [org.springframework.security.web.context.request.async.WebAsyncManagerIntegrationFilter@8c77955, org.springframework.security.web.context.SecurityContextPersistenceFilter@3390cd0d, org.springframework.security.web.header.HeaderWriterFilter@1c5b169e, org.springframework.security.web.csrf.CsrfFilter@4d0ded66, org.springframework.security.web.authentication.logout.LogoutFilter@2a1b5796, org.springframework.security.web.authentication.UsernamePasswordAuthenticationFilter@75f1ff8b, org.springframework.security.web.savedrequest.RequestCacheAwareFilter@b333f96, org.springframework.security.web.servletapi.SecurityContextHolderAwareRequestFilter@7577cf11, org.springframework.security.web.authentication.AnonymousAuthenticationFilter@3145deb2, org.springframework.security.web.session.SessionManagementFilter@54e148c5, org.springframework.security.web.access.ExceptionTranslationFilter@54ef4669, org.springframework.security.web.access.intercept.FilterSecurityInterceptor@d847788]
2019-12-12 09:16:52.717  INFO 1784 --- [  restartedMain] o.s.s.concurrent.ThreadPoolTaskExecutor  : Initializing ExecutorService 'applicationTaskExecutor'
2019-12-12 09:16:52.827  WARN 1784 --- [  restartedMain] aWebConfiguration$JpaWebMvcConfiguration : spring.jpa.open-in-view is enabled by default. Therefore, database queries may be performed during view rendering. Explicitly configure spring.jpa.open-in-view to disable this warning
2019-12-12 09:16:52.928  INFO 1784 --- [  restartedMain] o.s.b.a.w.s.WelcomePageHandlerMapping    : Adding welcome page template: index
2019-12-12 09:16:53.416  INFO 1784 --- [  restartedMain] o.s.b.w.embedded.tomcat.TomcatWebServer  : Tomcat started on port(s): 8181 (http) with context path ''
2019-12-12 09:16:53.421  INFO 1784 --- [  restartedMain] c.s.ecommerce.EcommerceApplication       : Started EcommerceApplication in 14.654 seconds (JVM running for 16.933)
2019-12-12 09:26:23.135  INFO 1784 --- [nio-8181-exec-1] o.a.c.c.C.[Tomcat].[localhost].[/]       : Initializing Spring DispatcherServlet 'dispatcherServlet'
2019-12-12 09:26:23.135  INFO 1784 --- [nio-8181-exec-1] o.s.web.servlet.DispatcherServlet        : Initializing Servlet 'dispatcherServlet'
2019-12-12 09:26:23.153  INFO 1784 --- [nio-8181-exec-1] o.s.web.servlet.DispatcherServlet        : Completed initialization in 18 ms
2019-12-12 09:26:28.340  INFO 1784 --- [nio-8181-exec-8] o.h.h.i.QueryTranslatorFactoryInitiator  : HHH000397: Using ASTQueryTranslatorFactory
2019-12-12 13:17:25.470  WARN 1784 --- [l-1 housekeeper] com.zaxxer.hikari.pool.HikariPool        : HikariPool-1 - Thread starvation or clock leap detected (housekeeper delta=1h32m38s62ms274탎799ns).
2019-12-12 17:56:43.168  WARN 1784 --- [l-1 housekeeper] com.zaxxer.hikari.pool.HikariPool        : HikariPool-1 - Thread starvation or clock leap detected (housekeeper delta=1h22m17s243ms490탎800ns).
2019-12-13 08:29:05.371  WARN 1784 --- [l-1 housekeeper] com.zaxxer.hikari.pool.HikariPool        : HikariPool-1 - Thread starvation or clock leap detected (housekeeper delta=13h9m30s707ms822탎500ns).
2019-12-13 09:30:20.698  WARN 1784 --- [l-1 housekeeper] com.zaxxer.hikari.pool.HikariPool        : HikariPool-1 - Thread starvation or clock leap detected (housekeeper delta=31m45s265ms416탎800ns).
2019-12-13 10:33:36.681  WARN 1784 --- [l-1 housekeeper] com.zaxxer.hikari.pool.HikariPool        : HikariPool-1 - Thread starvation or clock leap detected (housekeeper delta=35m15s928ms231탎400ns).
2019-12-13 13:43:31.710  WARN 1784 --- [l-1 housekeeper] com.zaxxer.hikari.pool.HikariPool        : HikariPool-1 - Thread starvation or clock leap detected (housekeeper delta=15m54s982ms598탎800ns).
2019-12-13 16:59:32.480  WARN 1784 --- [l-1 housekeeper] com.zaxxer.hikari.pool.HikariPool        : HikariPool-1 - Thread starvation or clock leap detected (housekeeper delta=1h6m404ms6탎300ns).
2019-12-13 19:14:10.171  WARN 1784 --- [l-1 housekeeper] com.zaxxer.hikari.pool.HikariPool        : HikariPool-1 - Thread starvation or clock leap detected (housekeeper delta=54m37s293ms118탎800ns).
2019-12-14 19:26:18.333  WARN 1784 --- [l-1 housekeeper] com.zaxxer.hikari.pool.HikariPool        : HikariPool-1 - Thread starvation or clock leap detected (housekeeper delta=23h53m47s734ms783탎700ns).
2019-12-16 10:12:30.979  WARN 1784 --- [l-1 housekeeper] com.zaxxer.hikari.pool.HikariPool        : HikariPool-1 - Thread starvation or clock leap detected (housekeeper delta=1d14h45m22s151ms391탎500ns).
2019-12-16 12:43:53.412  WARN 1784 --- [l-1 housekeeper] com.zaxxer.hikari.pool.HikariPool        : HikariPool-1 - Thread starvation or clock leap detected (housekeeper delta=5m22s549ms421탎100ns).
2019-12-16 14:12:44.696  WARN 1784 --- [l-1 housekeeper] com.zaxxer.hikari.pool.HikariPool        : HikariPool-1 - Thread starvation or clock leap detected (housekeeper delta=28m20s505ms435탎500ns).
[INFO] ------------------------------------------------------------------------
[INFO] BUILD FAILURE
[INFO] ------------------------------------------------------------------------
[INFO] Total time: 4 d 06:07 h
[INFO] Finished at: 2019-12-16T15:24:18+05:30
[INFO] Final Memory: 25M/491M
[INFO] ------------------------------------------------------------------------
[ERROR] Failed to execute goal org.springframework.boot:spring-boot-maven-plugin:2.1.8.RELEASE:run (default-cli) on project ecommerce: Could not exec java: Application finished with exit code: 1 -> [Help 1]
[ERROR] 
[ERROR] To see the full stack trace of the errors, re-run Maven with the -e switch.
[ERROR] Re-run Maven using the -X switch to enable full debug logging.
[ERROR] 
[ERROR] For more information about the errors and possible solutions, please read the following articles:
[ERROR] [Help 1] http://cwiki.apache.org/confluence/display/MAVEN/MojoExecutionException
Terminate batch job (Y/N)? 
